Last login: Sun Nov 10 17:39:07 on console
devinryback@STARSHIP ~ % cd git_ruby_intro_book
devinryback@STARSHIP git_ruby_intro_book % ls
01_prep			06_loops_iterators	LICENSE.md
02_basics		07_arrays		README.md
03_variables		08_hashes		git_ruby_intro_book
04_methods		09_more_stuff		ruby_notes
05_flow_control		10_exercises		terminal_sessions
devinryback@STARSHIP git_ruby_intro_book % cd 07_arrays
devinryback@STARSHIP 07_arrays % ls
array_learning.rb		exercise_06.rb
exercise_01.rb			exercise_07.rb
exercise_02.rb			exercise_08.rb
exercise_03.rb			mutate_caller_argument.rb
exercise_04.rb
devinryback@STARSHIP 07_arrays % git status
On branch main
Your branch is ahead of 'origin/main' by 2 commits.
  (use "git push" to publish your local commits)

Untracked files:
  (use "git add <file>..." to include in what will be committed)
	../git_ruby_intro_book/
	../terminal_sessions/Terminal 2024-11-09_01.txt

nothing added to commit but untracked files present (use "git add" to track)
devinryback@STARSHIP 07_arrays % git add . 
devinryback@STARSHIP 07_arrays % git add ..
warning: adding embedded git repository: git_ruby_intro_book
hint: You've added another git repository inside your current repository.
hint: Clones of the outer repository will not contain the contents of
hint: the embedded repository and will not know how to obtain it.
hint: If you meant to add a submodule, use:
hint:
hint: 	git submodule add <url> git_ruby_intro_book
hint:
hint: If you added this path by mistake, you can remove it from the
hint: index with:
hint:
hint: 	git rm --cached git_ruby_intro_book
hint:
hint: See "git help submodule" for more information.
hint: Disable this message with "git config advice.addEmbeddedRepo false"
devinryback@STARSHIP 07_arrays % git log
commit 839fea08e1d4a6c3dbaca9cecc4f94a890abb8ab (HEAD -> main)
Author: Devin Ryback <devinryback@protonmail.com>
Date:   Sat Nov 9 12:57:50 2024 -0500

    Update terminal sessions

commit 90804c103f411c87ce167db9694eb04170e826f8
Author: Devin Ryback <devinryback@protonmail.com>
Date:   Sat Nov 9 12:53:25 2024 -0500

    Add completed notes + exercises for 07 Arrays

commit e4b3e0c3b20c8cba9b6b2873c285e7d6e521380d (origin/main)
Author: Devin Ryback <devinryback@protonmail.com>
Date:   Fri Nov 8 17:03:20 2024 -0500

    Add completed exexercises for 06 Loop & Iterators

commit 3b8e17215601c5b13e401c313f50f0c79d824c08
devinryback@STARSHIP 07_arrays % cd ..
devinryback@STARSHIP git_ruby_intro_book % ls -a
.			04_methods		LICENSE.md
..			05_flow_control		README.md
.git			06_loops_iterators	git_ruby_intro_book
.gitignore		07_arrays		ruby_notes
01_prep			08_hashes		terminal_sessions
02_basics		09_more_stuff
03_variables		10_exercises
devinryback@STARSHIP git_ruby_intro_book % cd ..
devinryback@STARSHIP ~ % ls
Applications		Library			TMM
Desktop			Movies			git_basics
Developer		Music			git_ruby_intro_book
Documents		Pictures		iCloud Drive (Archive)
Downloads		Public
Dropbox			Standard Notes Backups
devinryback@STARSHIP ~ % cd git_ruby_intro_book
devinryback@STARSHIP git_ruby_intro_book % ls
01_prep			06_loops_iterators	LICENSE.md
02_basics		07_arrays		README.md
03_variables		08_hashes		git_ruby_intro_book
04_methods		09_more_stuff		ruby_notes
05_flow_control		10_exercises		terminal_sessions
devinryback@STARSHIP git_ruby_intro_book % cd git_ruby_intro_book
devinryback@STARSHIP git_ruby_intro_book % ls
01_prep			06_loops_iterators	LICENSE.md
02_basics		07_arrays		README.md
03_variables		08_hashes		Terminal Sessions
04_methods		09_more_stuff
05_flow_control		10_exercises
devinryback@STARSHIP git_ruby_intro_book % cs 07_arrays
zsh: command not found: cs
devinryback@STARSHIP git_ruby_intro_book % ls
01_prep			06_loops_iterators	LICENSE.md
02_basics		07_arrays		README.md
03_variables		08_hashes		Terminal Sessions
04_methods		09_more_stuff
05_flow_control		10_exercises
devinryback@STARSHIP git_ruby_intro_book % cd 07_arrays
devinryback@STARSHIP 07_arrays % ls
exercise_01.rb
devinryback@STARSHIP 07_arrays % pwd
/Users/devinryback/git_ruby_intro_book/git_ruby_intro_book/07_arrays
devinryback@STARSHIP 07_arrays % cd ../..
devinryback@STARSHIP git_ruby_intro_book % ped
zsh: command not found: ped
devinryback@STARSHIP git_ruby_intro_book % pwd
/Users/devinryback/git_ruby_intro_book
devinryback@STARSHIP git_ruby_intro_book % ls
01_prep			06_loops_iterators	LICENSE.md
02_basics		07_arrays		README.md
03_variables		08_hashes		git_ruby_intro_book
04_methods		09_more_stuff		ruby_notes
05_flow_control		10_exercises		terminal_sessions
devinryback@STARSHIP git_ruby_intro_book % cd git_ruby_intro_book
devinryback@STARSHIP git_ruby_intro_book % ls
01_prep			06_loops_iterators	LICENSE.md
02_basics		07_arrays		README.md
03_variables		08_hashes		Terminal Sessions
04_methods		09_more_stuff
05_flow_control		10_exercises
devinryback@STARSHIP git_ruby_intro_book % ls -a
.			03_variables		09_more_stuff
..			04_methods		10_exercises
.git			05_flow_control		LICENSE.md
.gitignore		06_loops_iterators	README.md
01_prep			07_arrays		Terminal Sessions
02_basics		08_hashes
devinryback@STARSHIP git_ruby_intro_book % cat .git/config
[core]
	repositoryformatversion = 0
	filemode = true
	bare = false
	logallrefupdates = true
	ignorecase = true
	precomposeunicode = true
[remote "origin"]
	url = https://github.com/devinryback/git_ruby_intro_book.git
	fetch = +refs/heads/*:refs/remotes/origin/*
devinryback@STARSHIP git_ruby_intro_book % cd ..
devinryback@STARSHIP git_ruby_intro_book % cat .git/config
[core]
	repositoryformatversion = 0
	filemode = true
	bare = false
	logallrefupdates = true
	ignorecase = true
	precomposeunicode = true
[remote "origin"]
	url = https://github.com/devinryback/git_ruby_intro_book.git
	fetch = +refs/heads/*:refs/remotes/origin/*
[branch "main"]
	remote = origin
	merge = refs/heads/main
devinryback@STARSHIP git_ruby_intro_book % pwd
/Users/devinryback/git_ruby_intro_book
devinryback@STARSHIP git_ruby_intro_book % git log
commit 839fea08e1d4a6c3dbaca9cecc4f94a890abb8ab (HEAD -> main)
Author: Devin Ryback <devinryback@protonmail.com>
Date:   Sat Nov 9 12:57:50 2024 -0500

    Update terminal sessions

commit 90804c103f411c87ce167db9694eb04170e826f8
Author: Devin Ryback <devinryback@protonmail.com>
Date:   Sat Nov 9 12:53:25 2024 -0500

    Add completed notes + exercises for 07 Arrays

commit e4b3e0c3b20c8cba9b6b2873c285e7d6e521380d (origin/main)
Author: Devin Ryback <devinryback@protonmail.com>
Date:   Fri Nov 8 17:03:20 2024 -0500

    Add completed exexercises for 06 Loop & Iterators

commit 3b8e17215601c5b13e401c313f50f0c79d824c08
devinryback@STARSHIP git_ruby_intro_book % cd git_ruby_intro_book
devinryback@STARSHIP git_ruby_intro_book % pwd
/Users/devinryback/git_ruby_intro_book/git_ruby_intro_book
devinryback@STARSHIP git_ruby_intro_book % git log
commit e4b3e0c3b20c8cba9b6b2873c285e7d6e521380d (HEAD -> main, origin/main)
Author: Devin Ryback <devinryback@protonmail.com>
Date:   Fri Nov 8 17:03:20 2024 -0500

    Add completed exexercises for 06 Loop & Iterators

commit 3b8e17215601c5b13e401c313f50f0c79d824c08
Author: Devin Ryback <devinryback@protonmail.com>
Date:   Fri Nov 8 13:05:15 2024 -0500

    Add completed exercises for 05 Flow Control

commit 86e41ab3345da974db9d3b44b6bd6c1bc8dac54b
Author: Devin Ryback <devinryback@protonmail.com>
Date:   Thu Nov 7 11:40:24 2024 -0500

    Add completed exercises for 04 Methods

devinryback@STARSHIP git_ruby_intro_book % cd ..
devinryback@STARSHIP git_ruby_intro_book % pwd
/Users/devinryback/git_ruby_intro_book
devinryback@STARSHIP git_ruby_intro_book % git ls-files --cached
.gitignore
01_prep/exercise_01.txt
01_prep/exercise_02.txt
02_basics/exercise_01.txt
02_basics/exercise_02.txt
02_basics/exercise_03.txt
02_basics/exercise_04.txt
02_basics/exercise_05.txt
02_basics/exercise_06.txt
02_basics/exercise_07.txt
03_variables/exercise_01_name_01.rb
03_variables/exercise_02_age.rb
03_variables/exercise_03_name_02.rb
03_variables/exercise_04_name_03.rb
03_variables/exercise_05.txt
04_methods/chaining_methods.rb
04_methods/exercise_01.rb
04_methods/exercise_02.txt
04_methods/exercise_03.rb
04_methods/exercise_04.rb
04_methods/exercise_06.txt
04_methods/method_calls_arguments.rb
04_methods/mutate.rb
04_methods/return.rb
04_methods/say_01.rb
04_methods/say_02.rb
04_methods/say_03.rb
04_methods/say_04.rb
05_flow_control/case_no_argument.rb
05_flow_control/case_statement.rb
05_flow_control/conditional.rb
05_flow_control/exercise _05.txt
05_flow_control/exercise_01.rb
05_flow_control/exercise_01.txt
05_flow_control/exercise_02.rb
05_flow_control/exercise_03.rb
05_flow_control/exercise_04.txt
05_flow_control/exercise_06.txt
05_flow_control/if_statement.rb
05_flow_control/true_false.rb
06_loops_iterators/conditional_loop.rb
06_loops_iterators/conditional_loop_with_break.rb
06_loops_iterators/conditional_loop_with_next.rb
06_loops_iterators/conditional_while_loop.rb
06_loops_iterators/countdown.rb
06_loops_iterators/countdown2.rb
06_loops_iterators/countdown3.rb
06_loops_iterators/countdown4.rb
06_loops_iterators/exercise_01.txt
06_loops_iterators/exercise_02.rb
06_loops_iterators/exercise_03.rb
06_loops_iterators/fibonacci.rb
06_loops_iterators/loop_example.rb
06_loops_iterators/next_loop.rb
06_loops_iterators/perform_again.rb
06_loops_iterators/practice_each.rb
06_loops_iterators/practice_each2.rb
06_loops_iterators/recursion_practice.rb
06_loops_iterators/useful_loop.rb
07_arrays/array_learning.rb
07_arrays/exercise_01.rb
07_arrays/exercise_02.rb
07_arrays/exercise_03.rb
07_arrays/exercise_04.rb
07_arrays/exercise_06.rb
07_arrays/exercise_07.rb
07_arrays/exercise_08.rb
07_arrays/mutate_caller_argument.rb
08_hashes/exercise_01.rb
09_more_stuff/exercise_01.rb
10_exercises/exercise_01.rb
LICENSE.md
README.md
git_ruby_intro_book
terminal_sessions/.DS_Store
terminal_sessions/Terminal 2024-11-02_01.txt
terminal_sessions/Terminal 2024-11-04_01.txt
terminal_sessions/Terminal 2024-11-05_01.txt
terminal_sessions/Terminal 2024-11-07_01.txt
terminal_sessions/Terminal 2024-11-09_01.txt
devinryback@STARSHIP git_ruby_intro_book % pwd
/Users/devinryback/git_ruby_intro_book
devinryback@STARSHIP git_ruby_intro_book % rm -r git_ruby_intro_book
override r--r--r-- devinryback/staff for git_ruby_intro_book/.git/objects/pack/pack-c3d993fa4bc5e5a71d4e65d802d9f8f38aaec86a.idx? y
override r--r--r-- devinryback/staff for git_ruby_intro_book/.git/objects/pack/pack-c3d993fa4bc5e5a71d4e65d802d9f8f38aaec86a.pack? ^C
devinryback@STARSHIP git_ruby_intro_book % rm -rf git_ruby_intro_book
devinryback@STARSHIP git_ruby_intro_book % ls
01_prep			06_loops_iterators	LICENSE.md
02_basics		07_arrays		README.md
03_variables		08_hashes		ruby_notes
04_methods		09_more_stuff		terminal_sessions
05_flow_control		10_exercises
devinryback@STARSHIP git_ruby_intro_book % cd 07_arrays
devinryback@STARSHIP 07_arrays % ls
array_learning.rb		exercise_06.rb
exercise_01.rb			exercise_07.rb
exercise_02.rb			exercise_08.rb
exercise_03.rb			mutate_caller_argument.rb
exercise_04.rb
devinryback@STARSHIP 07_arrays % cd ..
devinryback@STARSHIP git_ruby_intro_book % git status
On branch main
Your branch is ahead of 'origin/main' by 2 commits.
  (use "git push" to publish your local commits)

Changes to be committed:
  (use "git restore --staged <file>..." to unstage)
	new file:   git_ruby_intro_book
	new file:   terminal_sessions/Terminal 2024-11-09_01.txt

Changes not staged for commit:
  (use "git add/rm <file>..." to update what will be committed)
  (use "git restore <file>..." to discard changes in working directory)
	deleted:    git_ruby_intro_book

devinryback@STARSHIP git_ruby_intro_book % git add .
devinryback@STARSHIP git_ruby_intro_book % git status
On branch main
Your branch is ahead of 'origin/main' by 2 commits.
  (use "git push" to publish your local commits)

Changes to be committed:
  (use "git restore --staged <file>..." to unstage)
	new file:   terminal_sessions/Terminal 2024-11-09_01.txt

devinryback@STARSHIP git_ruby_intro_book % git commit -m "Remove nested repo"
[main 50c9241] Remove nested repo
 1 file changed, 723 insertions(+)
 create mode 100644 terminal_sessions/Terminal 2024-11-09_01.txt
devinryback@STARSHIP git_ruby_intro_book % git status 
On branch main
Your branch is ahead of 'origin/main' by 3 commits.
  (use "git push" to publish your local commits)

nothing to commit, working tree clean
devinryback@STARSHIP git_ruby_intro_book % git push
Enumerating objects: 28, done.
Counting objects: 100% (28/28), done.
Delta compression using up to 10 threads
Compressing objects: 100% (23/23), done.
Writing objects: 100% (23/23), 398.34 KiB | 1.01 MiB/s, done.
Total 23 (delta 6), reused 0 (delta 0), pack-reused 0 (from 0)
remote: Resolving deltas: 100% (6/6), completed with 3 local objects.
remote: error: Trace: a0ba5e536aa37ddb1a3ae44b4f841ea8e9fc614e3edceadc8eb4780e534b13f0
remote: error: See https://gh.io/lfs for more information.
remote: error: File Terminal Sessions/Terminal 2024-11-08_01.txt is 134.49 MB; this exceeds GitHub's file size limit of 100.00 MB
remote: error: GH001: Large files detected. You may want to try Git Large File Storage - https://git-lfs.github.com.
To https://github.com/devinryback/git_ruby_intro_book.git
 ! [remote rejected] main -> main (pre-receive hook declined)
error: failed to push some refs to 'https://github.com/devinryback/git_ruby_intro_book.git'
devinryback@STARSHIP git_ruby_intro_book % git rm --cached "Terminal Sessions/Terminal 2024-11-08_01.txt"
fatal: pathspec 'Terminal Sessions/Terminal 2024-11-08_01.txt' did not match any files
devinryback@STARSHIP git_ruby_intro_book % git clone https://github.com/devinryback/git_ruby_intro_book.git cleaned_repo
cd cleaned_repo
Cloning into 'cleaned_repo'...
remote: Enumerating objects: 95, done.
remote: Counting objects: 100% (95/95), done.
remote: Compressing objects: 100% (81/81), done.
remote: Total 95 (delta 13), reused 90 (delta 8), pack-reused 0 (from 0)
Receiving objects: 100% (95/95), 29.85 KiB | 623.00 KiB/s, done.
Resolving deltas: 100% (13/13), done.
devinryback@STARSHIP cleaned_repo % ls
01_prep			06_loops_iterators	LICENSE.md
02_basics		07_arrays		README.md
03_variables		08_hashes		Terminal Sessions
04_methods		09_more_stuff
05_flow_control		10_exercises
devinryback@STARSHIP cleaned_repo % cd 07_arrays
devinryback@STARSHIP 07_arrays % ls
exercise_01.rb
devinryback@STARSHIP 07_arrays % cd ..
devinryback@STARSHIP cleaned_repo % cp ~/git_ruby_intro_book/07_arrays ~/git_ruby_intro_book/cleaned_repo/07_arrays1
cp: /Users/devinryback/git_ruby_intro_book/07_arrays is a directory (not copied).
devinryback@STARSHIP cleaned_repo % ls
01_prep			06_loops_iterators	LICENSE.md
02_basics		07_arrays		README.md
03_variables		08_hashes		Terminal Sessions
04_methods		09_more_stuff
05_flow_control		10_exercises
devinryback@STARSHIP cleaned_repo % cp -r ~/git_ruby_intro_book/07_arrays ~/git_ruby_intro_book/cleaned_repo/07_arrays1
devinryback@STARSHIP cleaned_repo % ls
01_prep			06_loops_iterators	10_exercises
02_basics		07_arrays		LICENSE.md
03_variables		07_arrays1		README.md
04_methods		08_hashes		Terminal Sessions
05_flow_control		09_more_stuff
devinryback@STARSHIP cleaned_repo % cd 07_arrays1
devinryback@STARSHIP 07_arrays1 % ls
array_learning.rb		exercise_06.rb
exercise_01.rb			exercise_07.rb
exercise_02.rb			exercise_08.rb
exercise_03.rb			mutate_caller_argument.rb
exercise_04.rb
devinryback@STARSHIP 07_arrays1 % cd ..
devinryback@STARSHIP cleaned_repo % git filter-repo --path "Terminal Sessions/Terminal 2024-11-08_01.txt" --invert-paths --force
Parsed 9 commits
New history written in 0.03 seconds; now repacking/cleaning...
Repacking your repo and cleaning out old unneeded objects
HEAD is now at e4b3e0c Add completed exexercises for 06 Loop & Iterators
Enumerating objects: 95, done.
Counting objects: 100% (95/95), done.
Delta compression using up to 10 threads
Compressing objects: 100% (76/76), done.
Writing objects: 100% (95/95), done.
Total 95 (delta 13), reused 95 (delta 13), pack-reused 0 (from 0)
Completely finished after 0.11 seconds.
devinryback@STARSHIP cleaned_repo % git log --all --name-only | grep "Terminal 2024-11-08_01.txt"
devinryback@STARSHIP cleaned_repo % git add .
devinryback@STARSHIP cleaned_repo % git status
On branch main
Changes to be committed:
  (use "git restore --staged <file>..." to unstage)
	new file:   07_arrays1/array_learning.rb
	new file:   07_arrays1/exercise_01.rb
	new file:   07_arrays1/exercise_02.rb
	new file:   07_arrays1/exercise_03.rb
	new file:   07_arrays1/exercise_04.rb
	new file:   07_arrays1/exercise_06.rb
	new file:   07_arrays1/exercise_07.rb
	new file:   07_arrays1/exercise_08.rb
	new file:   07_arrays1/mutate_caller_argument.rb

devinryback@STARSHIP cleaned_repo % git commit -m "Save recent work in new clone"
[main d79cde2] Save recent work in new clone
 9 files changed, 451 insertions(+)
 create mode 100644 07_arrays1/array_learning.rb
 create mode 100644 07_arrays1/exercise_01.rb
 create mode 100644 07_arrays1/exercise_02.rb
 create mode 100644 07_arrays1/exercise_03.rb
 create mode 100644 07_arrays1/exercise_04.rb
 create mode 100644 07_arrays1/exercise_06.rb
 create mode 100644 07_arrays1/exercise_07.rb
 create mode 100644 07_arrays1/exercise_08.rb
 create mode 100644 07_arrays1/mutate_caller_argument.rb
devinryback@STARSHIP cleaned_repo % git push origin main --force
fatal: 'origin' does not appear to be a git repository
fatal: Could not read from remote repository.

Please make sure you have the correct access rights
and the repository exists.
devinryback@STARSHIP cleaned_repo % cd ..                               
devinryback@STARSHIP git_ruby_intro_book % cd ..
devinryback@STARSHIP ~ % mv git_ruby_intro_book/cleaned_repo ./
devinryback@STARSHIP ~ % ls
Applications		Library			TMM
Desktop			Movies			cleaned_repo
Developer		Music			git_basics
Documents		Pictures		git_ruby_intro_book
Downloads		Public			iCloud Drive (Archive)
Dropbox			Standard Notes Backups
devinryback@STARSHIP ~ % mv cleaned_repo git-ruby-book
devinryback@STARSHIP ~ % ls
Applications		Library			TMM
Desktop			Movies			git-ruby-book
Developer		Music			git_basics
Documents		Pictures		git_ruby_intro_book
Downloads		Public			iCloud Drive (Archive)
Dropbox			Standard Notes Backups
devinryback@STARSHIP ~ % cd git-ruby-book
devinryback@STARSHIP git-ruby-book % git remote add origin https://github.com/devinryback/git-ruby-book.git
devinryback@STARSHIP git-ruby-book % git remote -v
origin	https://github.com/devinryback/git-ruby-book.git (fetch)
origin	https://github.com/devinryback/git-ruby-book.git (push)
devinryback@STARSHIP git-ruby-book % git push origin main --force
Enumerating objects: 13, done.
Counting objects: 100% (13/13), done.
Delta compression using up to 10 threads
Compressing objects: 100% (12/12), done.
Writing objects: 100% (12/12), 3.61 KiB | 3.61 MiB/s, done.
Total 12 (delta 1), reused 0 (delta 0), pack-reused 0 (from 0)
remote: Resolving deltas: 100% (1/1), completed with 1 local object.
To https://github.com/devinryback/git-ruby-book.git
   e4b3e0c..d79cde2  main -> main
devinryback@STARSHIP git-ruby-book % git log
commit d79cde2299028d30239054cb6a65dab00615bd06 (HEAD -> main, origin/main)
Author: Devin Ryback <devinryback@protonmail.com>
Date:   Mon Nov 11 10:19:38 2024 -0500

    Save recent work in new clone

commit e4b3e0c3b20c8cba9b6b2873c285e7d6e521380d
Author: Devin Ryback <devinryback@protonmail.com>
Date:   Fri Nov 8 17:03:20 2024 -0500

    Add completed exexercises for 06 Loop & Iterators

commit 3b8e17215601c5b13e401c313f50f0c79d824c08
Author: Devin Ryback <devinryback@protonmail.com>
Date:   Fri Nov 8 13:05:15 2024 -0500

    Add completed exercises for 05 Flow Control

devinryback@STARSHIP git-ruby-book % ls
01_prep			06_loops_iterators	10_exercises
02_basics		07_arrays		LICENSE.md
03_variables		07_arrays1		README.md
04_methods		08_hashes		Terminal Sessions
05_flow_control		09_more_stuff
devinryback@STARSHIP git-ruby-book % cd 07_arrays1
devinryback@STARSHIP 07_arrays1 % ls
array_learning.rb		exercise_06.rb
exercise_01.rb			exercise_07.rb
exercise_02.rb			exercise_08.rb
exercise_03.rb			mutate_caller_argument.rb
exercise_04.rb
devinryback@STARSHIP 07_arrays1 % cd ..
devinryback@STARSHIP git-ruby-book % rm -r 07_arrays
devinryback@STARSHIP git-ruby-book % ls
01_prep			06_loops_iterators	LICENSE.md
02_basics		07_arrays1		README.md
03_variables		08_hashes		Terminal Sessions
04_methods		09_more_stuff
05_flow_control		10_exercises
devinryback@STARSHIP git-ruby-book % mv 07_arrays1 07_arrays
devinryback@STARSHIP git-ruby-book % ls
01_prep			06_loops_iterators	LICENSE.md
02_basics		07_arrays		README.md
03_variables		08_hashes		Terminal Sessions
04_methods		09_more_stuff
05_flow_control		10_exercises
devinryback@STARSHIP git-ruby-book % cd 07_arrays
devinryback@STARSHIP 07_arrays % ls
array_learning.rb		exercise_06.rb
exercise_01.rb			exercise_07.rb
exercise_02.rb			exercise_08.rb
exercise_03.rb			mutate_caller_argument.rb
exercise_04.rb
devinryback@STARSHIP 07_arrays % cs ..
zsh: command not found: cs
devinryback@STARSHIP 07_arrays % cd ..
devinryback@STARSHIP git-ruby-book % cd 08_hashes
devinryback@STARSHIP 08_hashes % cd ..
devinryback@STARSHIP git-ruby-book % git add .
devinryback@STARSHIP git-ruby-book % git status  
On branch main
Changes to be committed:
  (use "git restore --staged <file>..." to unstage)
	renamed:    07_arrays1/array_learning.rb -> 07_arrays/array_learning.rb
	modified:   07_arrays/exercise_01.rb
	renamed:    07_arrays1/exercise_02.rb -> 07_arrays/exercise_02.rb
	renamed:    07_arrays1/exercise_03.rb -> 07_arrays/exercise_03.rb
	renamed:    07_arrays1/exercise_04.rb -> 07_arrays/exercise_04.rb
	renamed:    07_arrays1/exercise_06.rb -> 07_arrays/exercise_06.rb
	renamed:    07_arrays1/exercise_07.rb -> 07_arrays/exercise_07.rb
	renamed:    07_arrays1/exercise_08.rb -> 07_arrays/exercise_08.rb
	renamed:    07_arrays1/mutate_caller_argument.rb -> 07_arrays/mutate_caller_argument.rb
	deleted:    07_arrays1/exercise_01.rb

devinryback@STARSHIP git-ruby-book % git commit -m "Saving recent work in 07_arrays"
[main 73e2664] Saving recent work in 07_arrays
 10 files changed, 22 insertions(+), 22 deletions(-)
 rename {07_arrays1 => 07_arrays}/array_learning.rb (100%)
 rename {07_arrays1 => 07_arrays}/exercise_02.rb (100%)
 rename {07_arrays1 => 07_arrays}/exercise_03.rb (100%)
 rename {07_arrays1 => 07_arrays}/exercise_04.rb (100%)
 rename {07_arrays1 => 07_arrays}/exercise_06.rb (100%)
 rename {07_arrays1 => 07_arrays}/exercise_07.rb (100%)
 rename {07_arrays1 => 07_arrays}/exercise_08.rb (100%)
 rename {07_arrays1 => 07_arrays}/mutate_caller_argument.rb (100%)
 delete mode 100644 07_arrays1/exercise_01.rb
devinryback@STARSHIP git-ruby-book % git push
fatal: The current branch main has no upstream branch.
To push the current branch and set the remote as upstream, use

    git push --set-upstream origin main

To have this happen automatically for branches without a tracking
upstream, see 'push.autoSetupRemote' in 'git help config'.

devinryback@STARSHIP git-ruby-book % git push origin main
Enumerating objects: 3, done.
Counting objects: 100% (3/3), done.
Delta compression using up to 10 threads
Compressing objects: 100% (2/2), done.
Writing objects: 100% (2/2), 249 bytes | 249.00 KiB/s, done.
Total 2 (delta 1), reused 0 (delta 0), pack-reused 0 (from 0)
remote: Resolving deltas: 100% (1/1), completed with 1 local object.
To https://github.com/devinryback/git-ruby-book.git
   d79cde2..73e2664  main -> main
devinryback@STARSHIP git-ruby-book % git log
commit 73e2664c50034ae255256dd94b78d4dee2fd6113 (HEAD -> main, origin/main)
Author: Devin Ryback <devinryback@protonmail.com>
Date:   Mon Nov 11 10:33:37 2024 -0500

    Saving recent work in 07_arrays

commit d79cde2299028d30239054cb6a65dab00615bd06
Author: Devin Ryback <devinryback@protonmail.com>
Date:   Mon Nov 11 10:19:38 2024 -0500

    Save recent work in new clone

commit e4b3e0c3b20c8cba9b6b2873c285e7d6e521380d
Author: Devin Ryback <devinryback@protonmail.com>
Date:   Fri Nov 8 17:03:20 2024 -0500

    Add completed exexercises for 06 Loop & Iterators

devinryback@STARSHIP git-ruby-book % git push --set-upstream origin main
branch 'main' set up to track 'origin/main'.
Everything up-to-date
devinryback@STARSHIP git-ruby-book % irb
irb(main):001:0> old_syntax_hash = {:name => 'bob'}
=> {:name=>"bob"}
irb(main):002:0> new_hash = {name: 'bob'}
=> {:name=>"bob"}
irb(main):003:0> person = { height: '6 ft', weight: '160 lbs' }
=> {:height=>"6 ft", :weight=>"160 lbs"}
irb(main):004:0> person[:hair] = 'brown'
=> "brown"
irb(main):005:0> person
=> {:height=>"6 ft", :weight=>"160 lbs", :hair=>"brown"}
irb(main):006:0> person[:age] = 62
=> 62
irb(main):007:0> person
=> {:height=>"6 ft", :weight=>"160 lbs", :hair=>"brown", :age=>62}
irb(main):008:0> person.delete(:age)
=> 62
irb(main):009:0> person
=> {:height=>"6 ft", :weight=>"160 lbs", :hair=>"brown"}
irb(main):010:0> person[:weight]
=> "160 lbs"
irb(main):011:0> person.merge!(new_hash)
=> {:height=>"6 ft", :weight=>"160 lbs", :hair=>"brown", :name=>"bob"}
irb(main):012:0> exit
devinryback@STARSHIP git-ruby-book % cd 08_hashes
devinryback@STARSHIP 08_hashes % ls
exercise_01.rb
devinryback@STARSHIP 08_hashes % ls
exercise_01.rb			iterating_over_hashes.rb
devinryback@STARSHIP 08_hashes % ruby iterating_over_hashes.rb
Bob's name is bob
Bob's height is 6 ft
Bob's weight is 160 lbs
Bob's hair is brown
devinryback@STARSHIP 08_hashes % ruby optional_parameters.rb
Hi, my name is Bob
Hi, my name is Bob and I'm 62 years old and I live in New York City.
devinryback@STARSHIP 08_hashes % irb
irb(main):001:0> name_and_age = { "Bob" => 42, "Steve" => 31, "Joe" => 19
 }
=> {"Bob"=>42, "Steve"=>31, "Joe"=>19}
irb(main):002:0> name_and_age.key?("Steve")
=> true
irb(main):003:0> name_and_age.key?("Larry")
=> false
irb(main):004:0> name_and_age.select { |k,v| k == "Bob" }
=> {"Bob"=>42}
irb(main):005:0> name_and_age.select { |k,v| (k == "Bob") || (v == 19) }
=> {"Bob"=>42, "Joe"=>19}
irb(main):006:0> name_and_age.fetch("Steve")
=> 31
irb(main):007:0> name_and_age.fetch("Larry")
(irb):7:in `fetch': key not found: "Larry" (KeyError)
        from (irb):7:in `<main>'                              
        from /opt/homebrew/Cellar/ruby@3.2/3.2.5/lib/ruby/gems/3.2.0/gems/irb-1.6.2/exe/irb:11:in `<top (required)>'                   
        from /opt/homebrew/opt/ruby@3.2/bin/irb:25:in `load'  
        from /opt/homebrew/opt/ruby@3.2/bin/irb:25:in `<main>'
irb(main):008:0> name_and_age.fetch("Larry", "Larry isn't in this hash")
=> "Larry isn't in this hash"
irb(main):009:0> name_and_age.to_a
=> [["Bob", 42], ["Steve", 31], ["Joe", 19]]
irb(main):010:0> name_and_age
=> {"Bob"=>42, "Steve"=>31, "Joe"=>19}
irb(main):011:0> name_and_age.keys
=> ["Bob", "Steve", "Joe"]
irb(main):012:0> name_and_age.values
=> [42, 31, 19]
irb(main):013:0> name_and_age.keys.each { |k| puts k }
Bob
Steve                                                                    
Joe                                                                      
=> ["Bob", "Steve", "Joe"]                                               
irb(main):014:0> exit
devinryback@STARSHIP 08_hashes % ruby exercise_01.rb
exercise_01.rb:10:in `block in <main>': undefined local variable or method `sisters' for main:Object (NameError)

  k == sisters || k == brothers
       ^^^^^^^
	from exercise_01.rb:9:in `select'
	from exercise_01.rb:9:in `<main>'
devinryback@STARSHIP 08_hashes % ruby exercise_01.rb
{:sisters=>["jane", "jill", "beth"], :brothers=>["frank", "rob", "david"]}
devinryback@STARSHIP 08_hashes % ruby exercise_01.rb
["jane", "jill", "beth", "frank", "rob", "david"]
devinryback@STARSHIP 08_hashes % ruby exercise_01.rb
[]
devinryback@STARSHIP 08_hashes % ruby exercise_02.rb
exercise_02.rb: --> exercise_02.rb
syntax error, unexpected ':', expecting end-of-input
  3  hash1 = { 
> 4    1: "red",
> 5    2: "orange",
> 6    3: "yellow",
> 7    4: "green"
  8  }
syntax error, unexpected ':', expecting end-of-input
  10  hash2 = { 
> 11    5: "blue",
> 12    6: "indigo",
> 13    7: "violet",
> 14    8: "white" 
  15  }

exercise_02.rb:4: syntax error, unexpected ':', expecting => (SyntaxError)
  1: "red",
   ^

devinryback@STARSHIP 08_hashes % ruby exercise_02.rb
{1=>"red", 2=>"orange", 3=>"yellow", 4=>"green", 5=>"blue", 6=>"indigo", 7=>"violet", 8=>"white"}
devinryback@STARSHIP 08_hashes % ruby exercise_02
ruby: No such file or directory -- exercise_02 (LoadError)
devinryback@STARSHIP 08_hashes % ruby exercise_02.rb
{1=>"red", 2=>"orange", 3=>"yellow", 4=>"green", 5=>"blue", 6=>"indigo", 7=>"violet", 8=>"white"}
{1=>"red", 2=>"orange", 3=>"yellow", 4=>"green"}
{5=>"blue", 6=>"indigo", 7=>"violet", 8=>"white"}
{1=>"red", 2=>"orange", 3=>"yellow", 4=>"green", 5=>"blue", 6=>"indigo", 7=>"violet", 8=>"white"}
{1=>"red", 2=>"orange", 3=>"yellow", 4=>"green", 5=>"blue", 6=>"indigo", 7=>"violet", 8=>"white"}
{5=>"blue", 6=>"indigo", 7=>"violet", 8=>"white"}
devinryback@STARSHIP 08_hashes % ruby exercise_02.rb
{1=>"red", 2=>"orange", 3=>"yellow", 4=>"green", 5=>"blue", 6=>"indigo", 7=>"violet", 8=>"white"}
{1=>"red", 2=>"orange", 3=>"yellow", 4=>"green"}
{5=>"blue", 6=>"indigo", 7=>"violet", 8=>"white"}
{1=>"red", 2=>"orange", 3=>"yellow", 4=>"green", 5=>"blue", 6=>"indigo", 7=>"violet", 8=>"white"}
{1=>"red", 2=>"orange", 3=>"yellow", 4=>"green", 5=>"blue", 6=>"indigo", 7=>"violet", 8=>"white"}
{5=>"blue", 6=>"indigo", 7=>"violet", 8=>"white"}
{:name=>"whiskers", :weight=>"10 lbs"}
{:name=>"whiskers"}
{:weight=>"10 lbs"}
{:name=>"whiskers", :weight=>"10 lbs"}
{:name=>"whiskers", :weight=>"10 lbs"}
{:weight=>"10 lbs"}
devinryback@STARSHIP 08_hashes % ruby exercise_03.rb
green
blue
yellow
devinryback@STARSHIP 08_hashes % ruby exercise_03.rb
green
blue
yellow
grass
sky
sun
devinryback@STARSHIP 08_hashes % ruby exercise_03.rb
green
blue
yellow
grass
sky
sun
exercise_03.rb:11:in `<main>': undefined method `values' for [:green, :blue, :yellow]:Array (NoMethodError)

puts colors.keys.values
                ^^^^^^^
Did you mean?  values_at
devinryback@STARSHIP 08_hashes % ruby exercise_03.rb
green
blue
yellow
grass
sky
sun
The green is grass.
The blue is sky.
The yellow is sun.
devinryback@STARSHIP 08_hashes % ruby exercise_03.rb
green
blue
yellow
grass
sky
sun
The grass is green.
The sky is blue.
The sun is yellow.
devinryback@STARSHIP 08_hashes % ruby exercise_03.rb
green
blue
yellow
grass
sky
sun
The grass is green.
The sky is blue.
The sun is yellow.
positive
up
left
negative
down
right
The opposite of positive is negative
The opposite of up is down
The opposite of left is right
devinryback@STARSHIP 08_hashes % ruby exercise_04.rb
devinryback@STARSHIP 08_hashes % ruby exercise_04.rb
exercise_04.rb:7:in `fetch': key not found: "Bob" (KeyError)
	from exercise_04.rb:7:in `<main>'
devinryback@STARSHIP 08_hashes % ruby exercise_04.rb
exercise_04.rb:7:in `fetch': key not found: "Bob" (KeyError)
	from exercise_04.rb:7:in `<main>'
devinryback@STARSHIP 08_hashes % ruby exercise_04.rb
exercise_04.rb:7:in `<main>': undefined local variable or method `name' for main:Object (NameError)

person.fetch(name:)
             ^^^^^
devinryback@STARSHIP 08_hashes % ruby exercise_04.rb
exercise_04.rb:7:in `fetch': key not found: "name" (KeyError)
Did you mean?  :name
	from exercise_04.rb:7:in `<main>'
devinryback@STARSHIP 08_hashes % ruby exercise_04.rb
devinryback@STARSHIP 08_hashes % 
devinryback@STARSHIP 08_hashes % ruby exercise_04.rb
Bob
devinryback@STARSHIP 08_hashes % ruby exercise_04.rb
Bob
devinryback@STARSHIP 08_hashes % ruby exercise_05.rb
devinryback@STARSHIP 08_hashes % ruby exercise_05.rb
true
devinryback@STARSHIP 08_hashes % cd ..
devinryback@STARSHIP git-ruby-book % git add .
devinryback@STARSHIP git-ruby-book % git status
On branch main
Your branch is up to date with 'origin/main'.

Changes to be committed:
  (use "git restore --staged <file>..." to unstage)
	new file:   .DS_Store
	new file:   08_hashes/common_hash_methods.rb
	modified:   08_hashes/exercise_01.rb
	new file:   08_hashes/exercise_02.rb
	new file:   08_hashes/exercise_03.rb
	new file:   08_hashes/exercise_04.rb
	new file:   08_hashes/exercise_05.rb
	new file:   08_hashes/exercise_06.rb
	new file:   08_hashes/exercise_07.rb
	new file:   08_hashes/iterating_over_hashes.rb
	new file:   08_hashes/optional_parameters.rb

devinryback@STARSHIP git-ruby-book % git commit -m "Add 08 Hashes exercises"
[main f019f21] Add 08 Hashes exercises
 11 files changed, 232 insertions(+)
 create mode 100644 .DS_Store
 create mode 100644 08_hashes/common_hash_methods.rb
 create mode 100644 08_hashes/exercise_02.rb
 create mode 100644 08_hashes/exercise_03.rb
 create mode 100644 08_hashes/exercise_04.rb
 create mode 100644 08_hashes/exercise_05.rb
 create mode 100644 08_hashes/exercise_06.rb
 create mode 100644 08_hashes/exercise_07.rb
 create mode 100644 08_hashes/iterating_over_hashes.rb
 create mode 100644 08_hashes/optional_parameters.rb
devinryback@STARSHIP git-ruby-book % git push
Enumerating objects: 17, done.
Counting objects: 100% (17/17), done.
Delta compression using up to 10 threads
Compressing objects: 100% (14/14), done.
Writing objects: 100% (14/14), 3.63 KiB | 3.63 MiB/s, done.
Total 14 (delta 1), reused 0 (delta 0), pack-reused 0 (from 0)
remote: Resolving deltas: 100% (1/1), completed with 1 local object.
To https://github.com/devinryback/git-ruby-book.git
   73e2664..f019f21  main -> main
devinryback@STARSHIP git-ruby-book % git log
commit f019f21d064ccadae104379f4fd9a8d733faa127 (HEAD -> main, origin/main)
Author: Devin Ryback <devinryback@protonmail.com>
Date:   Mon Nov 11 14:04:50 2024 -0500

    Add 08 Hashes exercises

commit 73e2664c50034ae255256dd94b78d4dee2fd6113
Author: Devin Ryback <devinryback@protonmail.com>
Date:   Mon Nov 11 10:33:37 2024 -0500

    Saving recent work in 07_arrays

commit d79cde2299028d30239054cb6a65dab00615bd06
Author: Devin Ryback <devinryback@protonmail.com>
Date:   Mon Nov 11 10:19:38 2024 -0500

    Save recent work in new clone

devinryback@STARSHIP git-ruby-book % git add .
devinryback@STARSHIP git-ruby-book % git status
On branch main
Your branch is up to date with 'origin/main'.

nothing to commit, working tree clean
devinryback@STARSHIP git-ruby-book % git add .
devinryback@STARSHIP git-ruby-book % git status
On branch main
Your branch is up to date with 'origin/main'.

Changes to be committed:
  (use "git restore --staged <file>..." to unstage)
	modified:   .DS_Store
	renamed:    Terminal Sessions/Terminal 2024-11-02_01.txt -> terminal_sessions/Terminal 2024-11-02_01.txt
	renamed:    Terminal Sessions/Terminal 2024-11-04_01.txt -> terminal_sessions/Terminal 2024-11-04_01.txt
	renamed:    Terminal Sessions/Terminal 2024-11-05_01.txt -> terminal_sessions/Terminal 2024-11-05_01.txt
	renamed:    Terminal Sessions/Terminal 2024-11-07_01.txt -> terminal_sessions/Terminal 2024-11-07_01.txt
	new file:   terminal_sessions/Terminal 2024-11-09_01.txt
	new file:   terminal_sessions/Terminal 2024-11-11_01.txt

devinryback@STARSHIP git-ruby-book % 
